// Jest Snapshot v1, https://goo.gl/fbAQLP

exports[`Input Render with snapshot 1`] = `
<DocumentFragment>
  <div
    class="input_wrap"
  >
    <input
      class="input_green"
      type="text"
      value="Test"
    />
  </div>
</DocumentFragment>
`;
