// Jest Snapshot v1, https://goo.gl/fbAQLP

exports[`Message Render with snapshot 1`] = `
<DocumentFragment>
  <div
    class="message"
  >
    <p
      class="glitch"
      data-text="Test"
    >
      Test
    </p>
    <p
      class="glitch"
      data-text="Author: <Test>"
    >
      Author: &lt;Test&gt;
    </p>
  </div>
</DocumentFragment>
`;
